≡ƒÜÇ MYSTIC TOURS - COMPREHENSIVE FORM & BOOKING SYSTEM TEST
======================================================================
≡ƒôà Test started at: 7/7/2025, 6:22:10 AM

≡ƒº¬ Running: Environment Variables Check
ΓöüΓöüΓöüΓöüΓöüΓöüΓöüΓöüΓöüΓöüΓöüΓöüΓöüΓöüΓöüΓöüΓöüΓöüΓöüΓöüΓöüΓöüΓöüΓöüΓöüΓöüΓöüΓöüΓöüΓöüΓöüΓöüΓöüΓöüΓöüΓöüΓöüΓöüΓöüΓöüΓöüΓöüΓöüΓöüΓöüΓöüΓöüΓöüΓöüΓöü
≡ƒöº Testing environment variables...
Γ£à NEXT_PUBLIC_SUPABASE_URL: https://bs...
Γ£à NEXT_PUBLIC_SUPABASE_ANON_KEY: eyJhbGciOi...
Γ£à SUPABASE_SERVICE_ROLE_KEY: eyJhbGciOi...
Γ£à TELEGRAM_BOT_TOKEN: 8152185207...
Γ£à TELEGRAM_CHAT_ID: -486202587...
Γ£à All environment variables configured
node.exe : (node:4848) [DEP0040] DeprecationWarning: The `punycode` module is deprecated. Please use a 
userland alternative instead.
At C:\Program Files\nodejs\npx.ps1:29 char:3
+   & $NODE_EXE $NPX_CLI_JS $args
+   ~~~~~~~~~~~~~~~~~~~~~~~~~~~~~
    + CategoryInfo          : NotSpecified: ((node:4848) [DE...native instead.:String) [], RemoteException
    + FullyQualifiedErrorId : NativeCommandError
 
(Use `node --trace-deprecation ...` to show where the warning was created)
Γ£à Environment Variables Check - PASSED (1ms)

≡ƒº¬ Running: Database Connection
ΓöüΓöüΓöüΓöüΓöüΓöüΓöüΓöüΓöüΓöüΓöüΓöüΓöüΓöüΓöüΓöüΓöüΓöüΓöüΓöüΓöüΓöüΓöüΓöüΓöüΓöüΓöüΓöüΓöüΓöüΓöüΓöüΓöüΓöüΓöüΓöüΓöüΓöüΓöüΓöüΓöüΓöüΓöüΓöüΓöüΓöüΓöüΓöüΓöüΓöü
≡ƒöì Testing database connection...
Γ¥î Database Connection - FAILED (364ms)
Error: Error: Database connection failed: Invalid API key
    at testDatabaseConnection (C:\Projects\mystic-tours\scripts\test-all-forms.ts:153:11)
    at processTicksAndRejections (node:internal/process/task_queues:105:5)
    at async runTest (C:\Projects\mystic-tours\scripts\test-all-forms.ts:112:20)
    at async runAllTests (C:\Projects\mystic-tours\scripts\test-all-forms.ts:360:3)

≡ƒº¬ Running: Telegram Configuration
ΓöüΓöüΓöüΓöüΓöüΓöüΓöüΓöüΓöüΓöüΓöüΓöüΓöüΓöüΓöüΓöüΓöüΓöüΓöüΓöüΓöüΓöüΓöüΓöüΓöüΓöüΓöüΓöüΓöüΓöüΓöüΓöüΓöüΓöüΓöüΓöüΓöüΓöüΓöüΓöüΓöüΓöüΓöüΓöüΓöüΓöüΓöüΓöüΓöüΓöü
≡ƒÆ¼ Testing Telegram configuration...
Γ£à Telegram configuration found
≡ƒô▒ Bot Token: 8152185207...
≡ƒÆ¼ Chat ID: -4862025878
Γ£à Telegram bot connected: MYSTIC BOOKING BOT (@MYSTIC_TOURS_BOOKING_BOT)
Γ£à Telegram Configuration - PASSED (1894ms)

≡ƒº¬ Running: Tour Booking System
ΓöüΓöüΓöüΓöüΓöüΓöüΓöüΓöüΓöüΓöüΓöüΓöüΓöüΓöüΓöüΓöüΓöüΓöüΓöüΓöüΓöüΓöüΓöüΓöüΓöüΓöüΓöüΓöüΓöüΓöüΓöüΓöüΓöüΓöüΓöüΓöüΓöüΓöüΓöüΓöüΓöüΓöüΓöüΓöüΓöüΓöüΓöüΓöüΓöüΓöü
≡ƒÄ½ Testing tour booking system...
Booking data: {
  "tourId": "550e8400-e29b-41d4-a716-446655440000",
  "tourName": "Blue Mountains Adventure - Test Booking",
  "date": "2024-12-25",
  "guests": 2,
  "name": "John Test User",
  "email": "test@example.com",
  "phone": "+1-555-123-4567",
  "specialRequests": "Vegetarian meal preference, early morning pickup"
}
Booking result: { success: false, message: 'Tour not found.' }
Γ¥î Tour Booking System - FAILED (94ms)
Error: Error: Tour booking failed: Tour not found.
    at testTourBookingSystem (C:\Projects\mystic-tours\scripts\test-all-forms.ts:186:11)
    at processTicksAndRejections (node:internal/process/task_queues:105:5)
    at async runTest (C:\Projects\mystic-tours\scripts\test-all-forms.ts:112:20)
    at async runAllTests (C:\Projects\mystic-tours\scripts\test-all-forms.ts:362:3)

≡ƒº¬ Running: Airport Pickup System
ΓöüΓöüΓöüΓöüΓöüΓöüΓöüΓöüΓöüΓöüΓöüΓöüΓöüΓöüΓöüΓöüΓöüΓöüΓöüΓöüΓöüΓöüΓöüΓöüΓöüΓöüΓöüΓöüΓöüΓöüΓöüΓöüΓöüΓöüΓöüΓöüΓöüΓöüΓöüΓöüΓöüΓöüΓöüΓöüΓöüΓöüΓöüΓöüΓöüΓöü
≡ƒÜÉ Testing airport pickup system...

≡ƒôì Testing pickup service...
Pickup data: {
  "customer_name": "Jane Test User",
  "customer_email": "jane.test@example.com",
  "customer_phone": "+1-555-987-6543",
  "passengers": 3,
  "service_type": "pickup",
  "flight_number": "AA123",
  "arrival_date": "2025-07-08T11:22:12.768Z",
  "arrival_time": "14:30",
  "dropoff_location": "Sandals Resort, Montego Bay"
}
Γ£ê∩╕Å Airport Pickup Booking Action Initiated
1. Received Raw FormData: {
  customer_name: 'Jane Test User',
  customer_email: 'jane.test@example.com',
  customer_phone: '+1-555-987-6543',
  passengers: 3,
  service_type: 'pickup',
  flight_number: 'AA123',
  arrival_date: 2025-07-08T11:22:12.768Z,
  arrival_time: '14:30',
  dropoff_location: 'Sandals Resort, Montego Bay'
}
Γ£à 2. Validation Successful. Parsed Data: {
  customer_name: 'Jane Test User',
  customer_email: 'jane.test@example.com',
  customer_phone: '+1-555-987-6543',
  passengers: 3,
  service_type: 'pickup',
  flight_number: 'AA123',
  arrival_date: 2025-07-08T11:22:12.768Z,
  arrival_time: '14:30',
  dropoff_location: 'Sandals Resort, Montego Bay'
}
≡ƒÆ░ 3. Calculated Price: $75
 Inserting into Database: {
  customer_name: 'Jane Test User',
  customer_email: 'jane.test@example.com',
  customer_phone: '+1-555-987-6543',
  service_type: 'pickup',
  flight_number: 'AA123',
  arrival_date: '2025-07-08T11:22:12.768Z',
  arrival_time: '14:30',
  dropoff_location: 'Sandals Resort, Montego Bay',
  departure_flight_number: undefined,
  departure_date: null,
  departure_time: undefined,
  pickup_location: undefined,
  passengers: 3,
  total_price: 75,
  status: 'pending'
}
Γ¥î 5. Database Insertion Failed: {
  message: 'Invalid API key',
  hint: 'Double check your Supabase `anon` or `service_role` API key.'
}
Pickup result: {
  success: false,
  message: 'Database error: Could not save your booking.'
}
Γ¥î Airport Pickup System - FAILED (235ms)
Error: Error: Airport pickup (pickup) failed: Database error: Could not save your booking.
    at testAirportPickupSystem (C:\Projects\mystic-tours\scripts\test-all-forms.ts:209:13)
    at processTicksAndRejections (node:internal/process/task_queues:105:5)
    at async runTest (C:\Projects\mystic-tours\scripts\test-all-forms.ts:112:20)
    at async runAllTests (C:\Projects\mystic-tours\scripts\test-all-forms.ts:363:3)

≡ƒº¬ Running: Contact Form System
ΓöüΓöüΓöüΓöüΓöüΓöüΓöüΓöüΓöüΓöüΓöüΓöüΓöüΓöüΓöüΓöüΓöüΓöüΓöüΓöüΓöüΓöüΓöüΓöüΓöüΓöüΓöüΓöüΓöüΓöüΓöüΓöüΓöüΓöüΓöüΓöüΓöüΓöüΓöüΓöüΓöüΓöüΓöüΓöüΓöüΓöüΓöüΓöüΓöüΓöü
≡ƒô¥ Testing contact form system...

≡ƒôº Testing Tour Inquiry contact...
Contact data: {
  "name": "Bob Test User",
  "email": "bob.test@example.com",
  "subject": "Tour Inquiry",
  "message": "This is a test message from the automated testing system. Please disregard this test inquiry. We are testing the contact form functionality to ensure it works correctly for real customers."
}
≡ƒô¥ 1. Contact Form Submission Started
Form data: {
  name: 'Bob Test User',
  email: 'bob.test@example.com',
  subject: 'Tour Inquiry',
  message: 'This is a test message from the automated testing system. Please disregard this test inquiry. We are testing the contact form functionality to ensure it works correctly for real customers.'
}
Γ£à 2. Form Validation Successful
≡ƒÆ¼ 3. Sending Telegram Notification...
Contact result: {
  success: true,
  message: "Thank you for your message! We'll get back to you as soon as possible."
}
Γ£à Contact form (Tour Inquiry) working correctly

≡ƒôº Testing Booking Question contact...
Contact data: {
  "name": "Bob Test User",
  "email": "bob.test@example.com",
  "subject": "Booking Question",
  "message": "This is a test message from the automated testing system. Please disregard this test inquiry. We are testing the contact form functionality to ensure it works correctly for real customers."
}
≡ƒô¥ 1. Contact Form Submission Started
Form data: {
  name: 'Bob Test User',
  email: 'bob.test@example.com',
  subject: 'Booking Question',
  message: 'This is a test message from the automated testing system. Please disregard this test inquiry. We are testing the contact form functionality to ensure it works correctly for real customers.'
}
Γ£à 2. Form Validation Successful
≡ƒÆ¼ 3. Sending Telegram Notification...
Contact result: {
  success: true,
  message: "Thank you for your message! We'll get back to you as soon as possible."
}
Γ£à Contact form (Booking Question) working correctly

≡ƒôº Testing Custom Tour Request contact...
Contact data: {
  "name": "Bob Test User",
  "email": "bob.test@example.com",
  "subject": "Custom Tour Request",
  "message": "This is a test message from the automated testing system. Please disregard this test inquiry. We are testing the contact form functionality to ensure it works correctly for real customers."
}
≡ƒô¥ 1. Contact Form Submission Started
Form data: {
  name: 'Bob Test User',
  email: 'bob.test@example.com',
  subject: 'Custom Tour Request',
  message: 'This is a test message from the automated testing system. Please disregard this test inquiry. We are testing the contact form functionality to ensure it works correctly for real customers.'
}
Γ£à 2. Form Validation Successful
≡ƒÆ¼ 3. Sending Telegram Notification...
Contact result: {
  success: true,
  message: "Thank you for your message! We'll get back to you as soon as possible."
}
Γ£à Contact form (Custom Tour Request) working correctly

≡ƒôº Testing General Question contact...
Contact data: {
  "name": "Bob Test User",
  "email": "bob.test@example.com",
  "subject": "General Question",
  "message": "This is a test message from the automated testing system. Please disregard this test inquiry. We are testing the contact form functionality to ensure it works correctly for real customers."
}
≡ƒô¥ 1. Contact Form Submission Started
Form data: {
  name: 'Bob Test User',
  email: 'bob.test@example.com',
  subject: 'General Question',
  message: 'This is a test message from the automated testing system. Please disregard this test inquiry. We are testing the contact form functionality to ensure it works correctly for real customers.'
}
Γ£à 2. Form Validation Successful
≡ƒÆ¼ 3. Sending Telegram Notification...
Contact result: {
  success: true,
  message: "Thank you for your message! We'll get back to you as soon as possible."
}
Γ£à Contact form (General Question) working correctly
Γ£à Contact Form System - PASSED (1608ms)

≡ƒº¬ Running: Newsletter System
ΓöüΓöüΓöüΓöüΓöüΓöüΓöüΓöüΓöüΓöüΓöüΓöüΓöüΓöüΓöüΓöüΓöüΓöüΓöüΓöüΓöüΓöüΓöüΓöüΓöüΓöüΓöüΓöüΓöüΓöüΓöüΓöüΓöüΓöüΓöüΓöüΓöüΓöüΓöüΓöüΓöüΓöüΓöüΓöüΓöüΓöüΓöüΓöüΓöüΓöü
≡ƒôº Testing newsletter system...
Newsletter data: {
  "email": "newsletter.test@example.com"
}
≡ƒôº 1. Newsletter Subscription Started
Email: newsletter.test@example.com
Γ£à 2. Email Validation Successful
≡ƒÆ¼ 3. Sending Telegram Notification...
Newsletter result: {
  success: true,
  message: 'Thank you for subscribing! Welcome to the Island Mystic Tours tribe! ≡ƒî┤'
}
Γ£à Newsletter system working correctly
Γ£à Newsletter System - PASSED (967ms)

======================================================================
≡ƒÄ» TEST SUMMARY
======================================================================
≡ƒôè Total Tests: 7
Γ£à Passed: 4
Γ¥î Failed: 3
≡ƒôê Success Rate: 57.1%

Γ¥î FAILED TESTS:
ΓöüΓöüΓöüΓöüΓöüΓöüΓöüΓöüΓöüΓöüΓöüΓöüΓöüΓöüΓöüΓöüΓöüΓöüΓöüΓöüΓöüΓöüΓöüΓöüΓöüΓöüΓöüΓöüΓöüΓöüΓöüΓöüΓöüΓöüΓöüΓöüΓöüΓöüΓöüΓöüΓöüΓöüΓöüΓöüΓöüΓöüΓöüΓöüΓöüΓöü
Γ¥î Database Connection: Test failed: Error: Database connection failed: Invalid API key
Γ¥î Tour Booking System: Test failed: Error: Tour booking failed: Tour not found.
Γ¥î Airport Pickup System: Test failed: Error: Airport pickup (pickup) failed: Database error: Could not save your booking.

ΓÅ▒∩╕Å  PERFORMANCE:
ΓöüΓöüΓöüΓöüΓöüΓöüΓöüΓöüΓöüΓöüΓöüΓöüΓöüΓöüΓöüΓöüΓöüΓöüΓöüΓöüΓöüΓöüΓöüΓöüΓöüΓöüΓöüΓöüΓöüΓöüΓöüΓöüΓöüΓöüΓöüΓöüΓöüΓöüΓöüΓöüΓöüΓöüΓöüΓöüΓöüΓöüΓöüΓöüΓöüΓöü
Γ£à Environment Variables Check: 1ms
Γ¥î Database Connection: 364ms
Γ£à Telegram Configuration: 1894ms
Γ¥î Tour Booking System: 94ms
Γ¥î Airport Pickup System: 235ms
Γ£à Contact Form System: 1608ms
Γ£à Newsletter System: 967ms

======================================================================
ΓÜá∩╕Å  Some tests failed. Please check the errors above and fix the issues.

≡ƒô¥ NOTES:
ΓÇó All test notifications sent to Telegram are marked as TEST
ΓÇó Check your Telegram chat for test notifications
ΓÇó Test bookings use placeholder data and should be disregarded
ΓÇó If any tests fail, check the error messages above for guidance

======================================================================
≡ƒÅü Test execution completed!
